screen.c:13:13:ILI9341_SPI_TxBuffer	16	static
screen.c:18:13:ILI9341_SPI_Tx	16	static
screen.c:23:6:ILI9341_WriteCommand	16	static
screen.c:30:6:ILI9341_WriteData	16	static
screen.c:37:6:ILI9341_WriteBuffer	16	static
screen.c:44:6:ILI9341_Reset	8	static
screen.c:54:6:ILI9341_Enable	8	static
screen.c:58:6:ILI9341_SetRotation	16	static
screen.c:89:6:ILI9341_Init	8	static
screen.c:231:6:ILI9341_DrawColorBurst	64	dynamic
screen.c:270:6:ILI9341_SetAddress	32	static
screen.c:291:6:ILI9341_FillScreen	16	static
screen.c:296:6:ILI9341_DrawPixel	32	static
screen.c:315:6:ILI9341_DrawRectangle	24	static
screen.c:333:6:ILI9341_DrawHLine	24	static
screen.c:346:6:ILI9341_DrawVLine	24	static
screen.c:361:6:ILI9341_DrawFilledCircle	56	static
screen.c:397:6:ILI9341_DrawFilledRectangleCoord	48	static
screen.c:439:6:ILI9341_DrawChar	64	static
screen.c:470:6:ILI9341_DrawText	48	static
screen.c:496:6:ILI9341_DrawImage	24	static
